// Vitest Snapshot v1, https://vitest.dev/guide/snapshot.html

exports[`checks only on click and opens the release page (en) > available 1`] = `"<div class="flex max-w-sm flex-col items-end gap-2"><div class="flex items-center gap-2"><button type="button" class="h-8 rounded-full border border-line px-3 text-[13px] text-fg-secondary hover:bg-hover">View release</button><button type="button" class="h-8 rounded-full border border-line px-3 text-[13px] text-fg-secondary hover:bg-hover disabled:opacity-60">Check for updates</button></div><p role="status" aria-live="polite" class="text-right text-[12px] text-fg-secondary">Workx 0.1.6 is available. Open the release page to download it.</p></div>"`;

exports[`checks only on click and opens the release page (en) > idle 1`] = `"<div class="flex max-w-sm flex-col items-end gap-2"><div class="flex items-center gap-2"><button type="button" class="h-8 rounded-full border border-line px-3 text-[13px] text-fg-secondary hover:bg-hover disabled:opacity-60">Check for updates</button></div><p role="status" aria-live="polite" class="text-right text-[12px] text-fg-secondary"></p></div>"`;

exports[`checks only on click and opens the release page (zh) > available 1`] = `"<div class="flex max-w-sm flex-col items-end gap-2"><div class="flex items-center gap-2"><button type="button" class="h-8 rounded-full border border-line px-3 text-[13px] text-fg-secondary hover:bg-hover">查看发布页</button><button type="button" class="h-8 rounded-full border border-line px-3 text-[13px] text-fg-secondary hover:bg-hover disabled:opacity-60">检查更新</button></div><p role="status" aria-live="polite" class="text-right text-[12px] text-fg-secondary">发现新版本 Workx 0.1.6，可前往发布页下载。</p></div>"`;

exports[`checks only on click and opens the release page (zh) > idle 1`] = `"<div class="flex max-w-sm flex-col items-end gap-2"><div class="flex items-center gap-2"><button type="button" class="h-8 rounded-full border border-line px-3 text-[13px] text-fg-secondary hover:bg-hover disabled:opacity-60">检查更新</button></div><p role="status" aria-live="polite" class="text-right text-[12px] text-fg-secondary"></p></div>"`;

exports[`disables duplicate checks while the request is pending > checking 1`] = `"<div class="flex max-w-sm flex-col items-end gap-2"><div class="flex items-center gap-2"><button type="button" class="h-8 rounded-full border border-line px-3 text-[13px] text-fg-secondary hover:bg-hover disabled:opacity-60" disabled="">Checking…</button></div><p role="status" aria-live="polite" class="text-right text-[12px] text-fg-secondary"></p></div>"`;

exports[`disables duplicate checks while the request is pending > up-to-date 1`] = `"<div class="flex max-w-sm flex-col items-end gap-2"><div class="flex items-center gap-2"><button type="button" class="h-8 rounded-full border border-line px-3 text-[13px] text-fg-secondary hover:bg-hover disabled:opacity-60">Check for updates</button></div><p role="status" aria-live="polite" class="text-right text-[12px] text-fg-secondary">You are running the latest version or a newer build.</p></div>"`;

exports[`explains when no compatible desktop installer is published > unavailable 1`] = `"<div class="flex max-w-sm flex-col items-end gap-2"><div class="flex items-center gap-2"><button type="button" class="h-8 rounded-full border border-line px-3 text-[13px] text-fg-secondary hover:bg-hover disabled:opacity-60">Check for updates</button></div><p role="status" aria-live="polite" class="text-right text-[12px] text-fg-secondary">Workx 0.1.6 has been released, but no installer is available for this platform and architecture yet.</p></div>"`;

exports[`shows failures and allows retrying > failed 1`] = `"<div class="flex max-w-sm flex-col items-end gap-2"><div class="flex items-center gap-2"><button type="button" class="h-8 rounded-full border border-line px-3 text-[13px] text-fg-secondary hover:bg-hover disabled:opacity-60">Check for updates</button></div><p role="status" aria-live="polite" class="text-right text-[12px] text-fg-secondary">Unable to check for updates or open the release page. Check your connection and try again.</p></div>"`;
