---
source: tui/src/history_cell/tests.rs
expression: rendered
---
╭────────────────────────────────────────────────────╮
│ ✨ Update available! 0.1.6 -> 9.9.9                │
│ Run pnpm add -g @ronanxiao/workx to update.        │
│                                                    │
│ See full release notes:                            │
│ https://github.com/RonanXiao/workx/releases/latest │
╰────────────────────────────────────────────────────╯
